{
  "array": [1, 2],
  "object": {"key": "value"}
}
// © 2025 Contexter alias Benedikt Eickhoff 🛡️ All rights reserved.
