<?xml version="1.0"?>
<feed><title>Sample</title><entry><title>Entry</title></entry></feed>
<!-- © 2025 Contexter alias Benedikt Eickhoff 🛡️ All rights reserved. -->
