<!doctype html>
<html><body><h1>Sample</h1><p>Hello</p><pre><code>print("hi")</code></pre><table><tr><th>A</th></tr><tr><td>1</td></tr></table></body></html>
<!-- © 2025 Contexter alias Benedikt Eickhoff 🛡️ All rights reserved. -->
